Script started on Sun 13 Sep 2020 10:59:55 PM EDT
bash: /usr/local/sbin/findprinter: No such file or directory
[?1034h[hoover.535@cse-sl6 HelloWorld]$ mkdir Lab1
[hoover.535@cse-sl6 HelloWorld]$ cd Lab1
[hoover.535@cse-sl6 Lab1]$ vim first.txt
[?1049h[?1h=[2;1Hâ–½[6n[2;1H  [1;1H]11;?[1;24r[?12;25h[?12l[?25h[27m[m[H[2J[?25l[24;1H"first.txt" [New File][>c[2;1H[1m[34m~                                                                               [3;1H~                                                                               [4;1H~                                                                               [5;1H~                                                                               [6;1H~                                                                               [7;1H~                                                                               [8;1H~                                                                               [9;1H~                                                                               [10;1H~                                                                               [11;1H~                                                                               [12;1H~                                                                               [13;1H~                                                                               [14;1H~                                                                               [15;1H~                                                                               [16;1H~                                                                               [17;1H~                                                                               [18;1H~                                                                               [19;1H~                                                                               [20;1H~                                                                               [21;1H~                                                                               [22;1H~                                                                               [23;1H~                                                                               [m[24;63H0,0-1[9CAll[1;1H[?12l[?25h[?25l[24;1H[1m-- INSERT --[m[24;13H[K[24;63H0,1[11CAll[1;1H[?12l[?25h[?25ls[24;63H1,2[1;2H[?12l[?25h[?25l[24;65H3[1;3H[?12l[?25h[?25li[24;65H4[1;4H[?12l[?25h[?25l[1;3H[K[24;65H3[1;3H[?12l[?25h[?25l[24;65H2[1;2H[?12l[?25h[?25l[1;1H[K[24;65H1[1;1H[?12l[?25h[?25lt[24;65H2[1;2H[?12l[?25h[?25lh[24;65H3[1;3H[?12l[?25h[?25li[24;65H4[1;4H[?12l[?25h[?25ls[24;65H5[1;5H[?12l[?25h[?25l[24;65H6[1;6H[?12l[?25h[?25li[24;65H7[1;7H[?12l[?25h[?25ls[24;65H8[1;8H[?12l[?25h[?25l[24;65H9[1;9H[?12l[?25h[?25la[24;65H10[1;10H[?12l[?25h[?25l[24;66H1[1;11H[?12l[?25h[?25lt[24;66H2[1;12H[?12l[?25h[?25le[24;66H3[1;13H[?12l[?25h[?25ls[24;66H4[1;14H[?12l[?25h[?25lt[24;66H5[1;15H[?12l[?25h[?25l[24;66H6[1;16H[?12l[?25h[?25lo[24;66H7[1;17H[?12l[?25h[?25lf[24;66H8[1;18H[?12l[?25h[?25l[24;66H9[1;19H[?12l[?25h[?25lt[24;65H20[1;20H[?12l[?25h[?25lh[24;66H1[1;21H[?12l[?25h[?25li[24;66H2[1;22H[?12l[?25h[?25ls[24;66H3[1;23H[?12l[?25h[?25l[24;66H4[1;24H[?12l[?25h[?25lf[24;66H5[1;25H[?12l[?25h[?25li[24;66H6[1;26H[?12l[?25h[?25ll[24;66H7[1;27H[?12l[?25h[?25le[24;66H8[1;28H[?12l[?25h[?25l[2;1H[K[24;63H2,1 [2;1H[?12l[?25h[?25l[3;1H[K[24;63H3[3;1H[?12l[?25h[?25lh[24;65H2[3;2H[?12l[?25h[?25le[24;65H3[3;3H[?12l[?25h[?25lr[24;65H4[3;4H[?12l[?25h[?25le[24;65H5[3;5H[?12l[?25h[?25li[24;65H6[3;6H[?12l[?25h[?25l[3;5H[K[24;65H5[3;5H[?12l[?25h[?25l[24;65H6[3;6H[?12l[?25h[?25li[24;65H7[3;7H[?12l[?25h[?25lt[24;65H8[3;8H[?12l[?25h[?25l[24;65H9[3;9H[?12l[?25h[?25li[24;65H10[3;10H[?12l[?25h[?25ls[24;66H1[3;11H[?12l[?25h[?25l,[24;66H2[3;12H[?12l[?25h[?25l[24;66H3[3;13H[?12l[?25h[?25li[24;66H4[3;14H[?12l[?25h[?25l[24;66H5[3;15H[?12l[?25h[?25la[24;66H6[3;16H[?12l[?25h[?25lm[24;66H7[3;17H[?12l[?25h[?25l[24;66H8[3;18H[?12l[?25h[?25lt[24;66H9[3;19H[?12l[?25h[?25le[24;65H20[3;20H[?12l[?25h[?25ls[24;66H1[3;21H[?12l[?25h[?25lt[24;66H2[3;22H[?12l[?25h[?25li[24;66H3[3;23H[?12l[?25h[?25ln[24;66H4[3;24H[?12l[?25h[?25lg[24;66H5[3;25H[?12l[?25h[24;1H[K[3;24H[?25l[24;63H3,24[10CAll[3;24H[?12l[?25h[?25l[24;66H2[3;22H[?12l[?25h[?25l[24;65H19[3;19H[?12l[?25h[?25l[24;65H8 [3;8H[?12l[?25h[?25l[24;63H[K[24;1H:[?12l[?25h:[?25l[?12l[?25h[?25l[62C3,8[11CAll[3;8H[?12l[?25h[?25l[24;1H[K[24;1H:[?12l[?25hx[?25l[?12l[?25h[?25l"first.txt" [New] 3L, 54C written
[?1l>[?12l[?25h[?1049l[hoover.535@cse-sl6 Lab1]$ cp first.txt second.txt
[hoover.535@cse-sl6 Lab1]$ ls
first.txt  second.txt
[hoover.535@cse-sl6 Lab1]$ pwd
/home/hoover.535/HelloWorld/Lab1
[hoover.535@cse-sl6 Lab1]$ cd ..
[hoover.535@cse-sl6 HelloWorld]$ rm -r la[K[KLab1
[hoover.535@cse-sl6 HelloWorld]$ exit
exit

Script done on Sun 13 Sep 2020 11:03:51 PM EDT
